// Vitest Snapshot v1, https://vitest.dev/guide/snapshot.html

exports[`Accordion component > matches the snapshot 1`] = `
<DocumentFragment>
  <div
    class="_accordion_224b33"
  >
    <div
      class="_accordion__header_224b33"
    >
      <p
        class="_accordion__title_224b33"
      >
        Snapshot Test
      </p>
      <svg
        aria-label="outline-down-icon"
        class="_accordion__icon_224b33 "
        fill="currentColor"
        height="1em"
        stroke="currentColor"
        stroke-width="0"
        viewBox="0 0 1024 1024"
        width="1em"
        xmlns="http://www.w3.org/2000/svg"
      >
        <path
          d="M884 256h-75c-5.1 0-9.9 2.5-12.9 6.6L512 654.2 227.9 262.6c-3-4.1-7.8-6.6-12.9-6.6h-75c-6.5 0-10.3 7.4-6.5 12.7l352.6 486.1c12.8 17.6 39 17.6 51.7 0l352.6-486.1c3.9-5.3.1-12.7-6.4-12.7z"
        />
      </svg>
    </div>
    <div
      class="_accordion__body_224b33 "
    >
      <p>
        Content snapshot
      </p>
    </div>
  </div>
</DocumentFragment>
`;
